5
-Steve
2
0, 0, 0
-Semi Charmed Life
-
-C:\Users\Steve\Dropbox\Karaoke Music\Numbers, BS and W\Third Eye Blind - Semi Charmed Life.mp3
-Third Eye Blind
-PHM9706
-                                                                                                                                                                                                                                                              
0, 0, 1
-Ring Of Fire
-
-C:\Users\Steve\Dropbox\Karaoke Music\DKG\Johnny Cash - Ring Of Fire.mp3
-Johnny Cash
-DKG035
-                                                                                                                                                                                                                                                              
-Tom
1
0, 0, 0
-Any Way You Want It
-
-C:\Users\Steve\Dropbox\Karaoke Music\SGB\Journey - Any Way You Want It.mp3
-Journey
-SGB0048
-                                                                                                                                                                                                                                                              
-Rita
1
0, 0, 0
-Hey Ya
-
-C:\Users\Steve\Dropbox\Karaoke Music\Numbers, BS and W\Outkast - Hey Ya.mp3
-Outkast
-Pop Hits Monthly 0312-P
-                                                                                                                                                                                                                                                              
-Pete
3
0, 0, 0
-Black Hole Sun
-
-C:\Users\Steve\Dropbox\Karaoke Music\Steve Karaoke\Soundgarden - Black Hole Sun.mp3
-Soundgarden
-Steve
-                                                                                                                                                                                                                                                              
0, 0, 2
-Wicked Game
-
-C:\Users\Steve\Dropbox\Karaoke Music\Steve Karaoke\Stone Sour - Wicked Game.mp3
-Stone Sour
-Steve
-                                                                                                                                                                                                                                                              
0, 0, 7
-Simple Man
-
-C:\Users\Steve\Dropbox\Karaoke Music\Numbers, BS and W\Shinedown - Simple Man.mp3
-Shinedown
-0409R
-                                                                                                                                                                                                                                                              
-Erica
2
0, 0, 0
-Gangsta's Paradise
-
-C:\Users\Steve\Dropbox\Karaoke Music\Steve Karaoke\Coolio - Gangstas Paradise.mp3
-Coolio
-Steve
-                                                                                                                                                                                                                                                              
0, 0, 0
-Forgot About Dre
-
-C:\Users\Steve\Dropbox\Karaoke Music\Downloads\SFDT-3185 - Dr Dre Feat. Eminem - Forgot About Dre.mp3
-Dr Dre Feat. Eminem
-SFDT-3185
-                                                                                                                                                                                                                                                              
