5
-Steve
1
0, 0, 0
- Something Bad
-
-C:\Users\Steve\Dropbox\Karaoke Music\Downloads\SF1114570 - Miranda Lambert Feat. Carrie Underwood -  Something Bad.mp3
-Miranda Lambert Feat. Carrie Underwood
-SF1114570
-                                                                                                                                                                                                                                                              
-Tom
1
0, 0, 0
- Something Bad
-
-C:\Users\Steve\Dropbox\Karaoke Music\Downloads\SF1114570 - Miranda Lambert Feat. Carrie Underwood -  Something Bad.mp3
-Miranda Lambert Feat. Carrie Underwood
-SF1114570
-                                                                                                                                                                                                                                                              
-Rita
1
0, 0, 0
- Something Bad
-
-C:\Users\Steve\Dropbox\Karaoke Music\Downloads\SF1114570 - Miranda Lambert Feat. Carrie Underwood -  Something Bad.mp3
-Miranda Lambert Feat. Carrie Underwood
-SF1114570
-                                                                                                                                                                                                                                                              
-Pete
1
0, 0, 0
- Something Bad
-
-C:\Users\Steve\Dropbox\Karaoke Music\Downloads\SF1114570 - Miranda Lambert Feat. Carrie Underwood -  Something Bad.mp3
-Miranda Lambert Feat. Carrie Underwood
-SF1114570
-                                                                                                                                                                                                                                                              
-Erica
1
0, 0, 0
- Something Bad
-
-C:\Users\Steve\Dropbox\Karaoke Music\Downloads\SF1114570 - Miranda Lambert Feat. Carrie Underwood -  Something Bad.mp3
-Miranda Lambert Feat. Carrie Underwood
-SF1114570
-                                                                                                                                                                                                                                                              
